// Jest Snapshot v1, https://goo.gl/fbAQLP

exports[`Demo Test Simple test 1`] = `
<div>
  <h1>
    Test
  </h1>
</div>
`;
